clinicale5_trackbc: installed bundle trackbc.bundle.js
clinicale5_trackbc: loaded 7946 docs for model OpenMed/OpenMed-PII-ClinicalE5-Small-33M-v1-onnx-android (dtype=int8, batch=10)
clinicale5_trackbc: model (re)loaded: {"ms":3661.5,"modelId":"OpenMed/OpenMed-PII-ClinicalE5-Small-33M-v1-onnx-android"}
clinicale5_trackbc: 100/7946 (22s)
clinicale5_trackbc: 200/7946 (43s)
clinicale5_trackbc: 300/7946 (62s)
clinicale5_trackbc: 400/7946 (82s)
clinicale5_trackbc: 500/7946 (101s)
clinicale5_trackbc: 600/7946 (122s)
clinicale5_trackbc: 700/7946 (141s)
clinicale5_trackbc: 800/7946 (161s)
clinicale5_trackbc: 900/7946 (181s)
clinicale5_trackbc: 1000/7946 (200s)
clinicale5_trackbc: 1100/7946 (222s)
clinicale5_trackbc: 1200/7946 (242s)
clinicale5_trackbc: 1300/7946 (262s)
clinicale5_trackbc: 1400/7946 (283s)
clinicale5_trackbc: 1500/7946 (304s)
clinicale5_trackbc: 1600/7946 (323s)
clinicale5_trackbc: 1700/7946 (344s)
clinicale5_trackbc: 1800/7946 (365s)
clinicale5_trackbc: 1900/7946 (385s)
clinicale5_trackbc: 2000/7946 (404s)
clinicale5_trackbc: 2100/7946 (424s)
clinicale5_trackbc: 2200/7946 (442s)
clinicale5_trackbc: 2300/7946 (462s)
clinicale5_trackbc: 2400/7946 (483s)
clinicale5_trackbc: 2500/7946 (502s)
clinicale5_trackbc: 2600/7946 (524s)
clinicale5_trackbc: 2700/7946 (544s)
clinicale5_trackbc: 2800/7946 (565s)
clinicale5_trackbc: 2900/7946 (584s)
clinicale5_trackbc: 3000/7946 (605s)
clinicale5_trackbc: 3100/7946 (626s)
clinicale5_trackbc: 3200/7946 (646s)
clinicale5_trackbc: 3300/7946 (666s)
clinicale5_trackbc: 3400/7946 (686s)
clinicale5_trackbc: 3500/7946 (704s)
clinicale5_trackbc: 3600/7946 (724s)
clinicale5_trackbc: 3700/7946 (746s)
clinicale5_trackbc: 3800/7946 (766s)
clinicale5_trackbc: 3900/7946 (787s)
clinicale5_trackbc: 4000/7946 (808s)
clinicale5_trackbc: 4100/7946 (827s)
clinicale5_trackbc: 4200/7946 (847s)
clinicale5_trackbc: 4300/7946 (865s)
clinicale5_trackbc: 4400/7946 (885s)
clinicale5_trackbc: 4500/7946 (905s)
clinicale5_trackbc: 4600/7946 (925s)
clinicale5_trackbc: 4700/7946 (945s)
clinicale5_trackbc: 4800/7946 (966s)
clinicale5_trackbc: 4900/7946 (986s)
clinicale5_trackbc: 5000/7946 (1007s)
clinicale5_trackbc: 5100/7946 (1029s)
clinicale5_trackbc: 5200/7946 (1049s)
clinicale5_trackbc: 5300/7946 (1069s)
clinicale5_trackbc: 5400/7946 (1088s)
clinicale5_trackbc: 5500/7946 (1109s)
clinicale5_trackbc: 5600/7946 (1130s)
clinicale5_trackbc: 5700/7946 (1150s)
clinicale5_trackbc: 5800/7946 (1171s)
clinicale5_trackbc: 5900/7946 (1191s)
clinicale5_trackbc: 6000/7946 (1211s)
clinicale5_trackbc: 6100/7946 (1231s)
clinicale5_trackbc: 6200/7946 (1251s)
clinicale5_trackbc: 6300/7946 (1272s)
clinicale5_trackbc: 6400/7946 (1291s)
clinicale5_trackbc: 6500/7946 (1312s)
clinicale5_trackbc: 6600/7946 (1332s)
clinicale5_trackbc: 6700/7946 (1354s)
clinicale5_trackbc: 6800/7946 (1375s)
clinicale5_trackbc: 6900/7946 (1394s)
clinicale5_trackbc: 7000/7946 (1413s)
clinicale5_trackbc: 7100/7946 (1432s)
clinicale5_trackbc: 7200/7946 (1454s)
clinicale5_trackbc: 7300/7946 (1472s)
clinicale5_trackbc: 7400/7946 (1491s)
clinicale5_trackbc: 7500/7946 (1510s)
clinicale5_trackbc: 7600/7946 (1528s)
clinicale5_trackbc: 7700/7946 (1548s)
clinicale5_trackbc: 7800/7946 (1567s)
clinicale5_trackbc: 7900/7946 (1586s)
clinicale5_trackbc: 7946/7946 (1595s)
clinicale5_trackbc: done in 1595s -> out/clinicale5_trackbc.json
clinicale5_trackbc: latency mean=200ms median=187ms p95=334ms n=7946
clinicale5_trackbc: all done
