clinicale5_trackb: installed bundle trackb.bundle.js
clinicale5_trackb: loaded 7946 docs for model OpenMed/OpenMed-PII-ClinicalE5-Small-33M-v1-onnx-android (dtype=int8, batch=10)
clinicale5_trackb: model (re)loaded: {"ms":3434.315000000177,"modelId":"OpenMed/OpenMed-PII-ClinicalE5-Small-33M-v1-onnx-android"}
clinicale5_trackb: 100/7946 (23s)
clinicale5_trackb: 200/7946 (44s)
clinicale5_trackb: 300/7946 (62s)
clinicale5_trackb: 400/7946 (81s)
clinicale5_trackb: 500/7946 (100s)
clinicale5_trackb: 600/7946 (120s)
clinicale5_trackb: 700/7946 (139s)
clinicale5_trackb: 800/7946 (160s)
clinicale5_trackb: 900/7946 (179s)
clinicale5_trackb: 1000/7946 (197s)
clinicale5_trackb: 1100/7946 (219s)
clinicale5_trackb: 1200/7946 (238s)
clinicale5_trackb: 1300/7946 (258s)
clinicale5_trackb: 1400/7946 (280s)
clinicale5_trackb: 1500/7946 (300s)
clinicale5_trackb: 1600/7946 (319s)
clinicale5_trackb: 1700/7946 (341s)
clinicale5_trackb: 1800/7946 (361s)
clinicale5_trackb: 1900/7946 (382s)
clinicale5_trackb: 2000/7946 (400s)
clinicale5_trackb: 2100/7946 (419s)
clinicale5_trackb: 2200/7946 (437s)
clinicale5_trackb: 2300/7946 (457s)
clinicale5_trackb: 2400/7946 (478s)
clinicale5_trackb: 2500/7946 (497s)
clinicale5_trackb: 2600/7946 (517s)
clinicale5_trackb: 2700/7946 (538s)
clinicale5_trackb: 2800/7946 (558s)
clinicale5_trackb: 2900/7946 (577s)
clinicale5_trackb: 3000/7946 (598s)
clinicale5_trackb: 3100/7946 (619s)
clinicale5_trackb: 3200/7946 (639s)
clinicale5_trackb: 3300/7946 (659s)
clinicale5_trackb: 3400/7946 (679s)
clinicale5_trackb: 3500/7946 (697s)
clinicale5_trackb: 3600/7946 (717s)
clinicale5_trackb: 3700/7946 (738s)
clinicale5_trackb: 3800/7946 (758s)
clinicale5_trackb: 3900/7946 (778s)
clinicale5_trackb: 4000/7946 (798s)
clinicale5_trackb: 4100/7946 (818s)
clinicale5_trackb: 4200/7946 (837s)
clinicale5_trackb: 4300/7946 (856s)
clinicale5_trackb: 4400/7946 (876s)
clinicale5_trackb: 4500/7946 (895s)
clinicale5_trackb: 4600/7946 (915s)
clinicale5_trackb: 4700/7946 (935s)
clinicale5_trackb: 4800/7946 (956s)
clinicale5_trackb: 4900/7946 (976s)
clinicale5_trackb: 5000/7946 (997s)
clinicale5_trackb: 5100/7946 (1018s)
clinicale5_trackb: 5200/7946 (1038s)
clinicale5_trackb: 5300/7946 (1058s)
clinicale5_trackb: 5400/7946 (1077s)
clinicale5_trackb: 5500/7946 (1097s)
clinicale5_trackb: 5600/7946 (1118s)
clinicale5_trackb: 5700/7946 (1137s)
clinicale5_trackb: 5800/7946 (1157s)
clinicale5_trackb: 5900/7946 (1178s)
clinicale5_trackb: 6000/7946 (1198s)
clinicale5_trackb: 6100/7946 (1218s)
clinicale5_trackb: 6200/7946 (1238s)
clinicale5_trackb: 6300/7946 (1260s)
clinicale5_trackb: 6400/7946 (1278s)
clinicale5_trackb: 6500/7946 (1298s)
clinicale5_trackb: 6600/7946 (1318s)
clinicale5_trackb: 6700/7946 (1340s)
clinicale5_trackb: 6800/7946 (1360s)
clinicale5_trackb: 6900/7946 (1380s)
clinicale5_trackb: 7000/7946 (1398s)
clinicale5_trackb: 7100/7946 (1417s)
clinicale5_trackb: 7200/7946 (1438s)
clinicale5_trackb: 7300/7946 (1456s)
clinicale5_trackb: 7400/7946 (1475s)
clinicale5_trackb: 7500/7946 (1494s)
clinicale5_trackb: 7600/7946 (1511s)
clinicale5_trackb: 7700/7946 (1530s)
clinicale5_trackb: 7800/7946 (1549s)
clinicale5_trackb: 7900/7946 (1568s)
clinicale5_trackb: 7946/7946 (1577s)
clinicale5_trackb: done in 1577s -> out/clinicale5_trackb.json
clinicale5_trackb: latency mean=198ms median=185ms p95=326ms n=7946
clinicale5_trackb: all done
