clinicale5_base: installed bundle base.bundle.js
clinicale5_base: loaded 7946 docs for model OpenMed/OpenMed-PII-ClinicalE5-Small-33M-v1-onnx-android (dtype=int8, batch=10)
clinicale5_base: model (re)loaded: {"ms":3434.485000000015,"modelId":"OpenMed/OpenMed-PII-ClinicalE5-Small-33M-v1-onnx-android"}
clinicale5_base: 100/7946 (23s)
clinicale5_base: 200/7946 (43s)
clinicale5_base: 300/7946 (62s)
clinicale5_base: 400/7946 (81s)
clinicale5_base: 500/7946 (100s)
clinicale5_base: 600/7946 (121s)
clinicale5_base: 700/7946 (140s)
clinicale5_base: 800/7946 (160s)
clinicale5_base: 900/7946 (179s)
clinicale5_base: 1000/7946 (199s)
clinicale5_base: 1100/7946 (220s)
clinicale5_base: 1200/7946 (239s)
clinicale5_base: 1300/7946 (259s)
clinicale5_base: 1400/7946 (281s)
clinicale5_base: 1500/7946 (300s)
clinicale5_base: 1600/7946 (319s)
clinicale5_base: 1700/7946 (340s)
clinicale5_base: 1800/7946 (360s)
clinicale5_base: 1900/7946 (380s)
clinicale5_base: 2000/7946 (399s)
clinicale5_base: 2100/7946 (417s)
clinicale5_base: 2200/7946 (436s)
clinicale5_base: 2300/7946 (455s)
clinicale5_base: 2400/7946 (476s)
clinicale5_base: 2500/7946 (495s)
clinicale5_base: 2600/7946 (516s)
clinicale5_base: 2700/7946 (536s)
clinicale5_base: 2800/7946 (556s)
clinicale5_base: 2900/7946 (575s)
clinicale5_base: 3000/7946 (596s)
clinicale5_base: 3100/7946 (617s)
clinicale5_base: 3200/7946 (636s)
clinicale5_base: 3300/7946 (656s)
clinicale5_base: 3400/7946 (675s)
clinicale5_base: 3500/7946 (693s)
clinicale5_base: 3600/7946 (714s)
clinicale5_base: 3700/7946 (734s)
clinicale5_base: 3800/7946 (754s)
clinicale5_base: 3900/7946 (774s)
clinicale5_base: 4000/7946 (795s)
clinicale5_base: 4100/7946 (814s)
clinicale5_base: 4200/7946 (834s)
clinicale5_base: 4300/7946 (852s)
clinicale5_base: 4400/7946 (872s)
clinicale5_base: 4500/7946 (891s)
clinicale5_base: 4600/7946 (911s)
clinicale5_base: 4700/7946 (931s)
clinicale5_base: 4800/7946 (951s)
clinicale5_base: 4900/7946 (971s)
clinicale5_base: 5000/7946 (992s)
clinicale5_base: 5100/7946 (1013s)
clinicale5_base: 5200/7946 (1033s)
clinicale5_base: 5300/7946 (1053s)
clinicale5_base: 5400/7946 (1072s)
clinicale5_base: 5500/7946 (1093s)
clinicale5_base: 5600/7946 (1113s)
clinicale5_base: 5700/7946 (1133s)
clinicale5_base: 5800/7946 (1153s)
clinicale5_base: 5900/7946 (1174s)
clinicale5_base: 6000/7946 (1194s)
clinicale5_base: 6100/7946 (1213s)
clinicale5_base: 6200/7946 (1233s)
clinicale5_base: 6300/7946 (1255s)
clinicale5_base: 6400/7946 (1273s)
clinicale5_base: 6500/7946 (1294s)
clinicale5_base: 6600/7946 (1314s)
clinicale5_base: 6700/7946 (1336s)
clinicale5_base: 6800/7946 (1356s)
clinicale5_base: 6900/7946 (1376s)
clinicale5_base: 7000/7946 (1394s)
clinicale5_base: 7100/7946 (1413s)
clinicale5_base: 7200/7946 (1434s)
clinicale5_base: 7300/7946 (1452s)
clinicale5_base: 7400/7946 (1471s)
clinicale5_base: 7500/7946 (1490s)
clinicale5_base: 7600/7946 (1507s)
clinicale5_base: 7700/7946 (1527s)
clinicale5_base: 7800/7946 (1545s)
clinicale5_base: 7900/7946 (1564s)
clinicale5_base: 7946/7946 (1572s)
clinicale5_base: done in 1572s -> out/clinicale5_base.json
clinicale5_base: latency mean=197ms median=184ms p95=326ms n=7946
clinicale5_base: all done
