openmed_base: installed bundle base.bundle.js
openmed_base: loaded 7946 docs for model Wismut/openmed-onnx/small (dtype=int8, batch=10)
openmed_base: model (re)loaded: {"ms":6255.825000000186,"modelId":"Wismut/openmed-onnx/small"}
openmed_base: 100/7946 (39s)
openmed_base: 200/7946 (76s)
openmed_base: 300/7946 (110s)
openmed_base: 400/7946 (146s)
openmed_base: 500/7946 (180s)
openmed_base: 600/7946 (218s)
openmed_base: 700/7946 (253s)
openmed_base: 800/7946 (289s)
openmed_base: 900/7946 (327s)
openmed_base: 1000/7946 (376s)
openmed_base: 1100/7946 (414s)
openmed_base: 1200/7946 (449s)
openmed_base: 1300/7946 (484s)
openmed_base: 1400/7946 (524s)
openmed_base: 1500/7946 (560s)
openmed_base: 1600/7946 (593s)
openmed_base: 1700/7946 (631s)
openmed_base: 1800/7946 (667s)
openmed_base: 1900/7946 (704s)
openmed_base: 2000/7946 (738s)
openmed_base: 2100/7946 (773s)
openmed_base: 2200/7946 (807s)
openmed_base: 2300/7946 (841s)
openmed_base: 2400/7946 (878s)
openmed_base: 2500/7946 (914s)
openmed_base: 2600/7946 (949s)
openmed_base: 2700/7946 (986s)
openmed_base: 2800/7946 (1022s)
openmed_base: 2900/7946 (1056s)
openmed_base: 3000/7946 (1093s)
openmed_base: 3100/7946 (1131s)
openmed_base: 3200/7946 (1168s)
openmed_base: 3300/7946 (1204s)
openmed_base: 3400/7946 (1239s)
openmed_base: 3500/7946 (1272s)
openmed_base: 3600/7946 (1310s)
openmed_base: 3700/7946 (1347s)
openmed_base: 3800/7946 (1384s)
openmed_base: 3900/7946 (1420s)
openmed_base: 4000/7946 (1458s)
openmed_base: 4100/7946 (1494s)
openmed_base: 4200/7946 (1529s)
openmed_base: 4300/7946 (1563s)
openmed_base: 4400/7946 (1600s)
openmed_base: 4500/7946 (1635s)
openmed_base: 4600/7946 (1669s)
openmed_base: 4700/7946 (1707s)
openmed_base: 4800/7946 (1744s)
openmed_base: 4900/7946 (1781s)
openmed_base: 5000/7946 (1818s)
openmed_base: 5100/7946 (1857s)
openmed_base: 5200/7946 (1893s)
openmed_base: 5300/7946 (1930s)
openmed_base: 5400/7946 (1965s)
openmed_base: 5500/7946 (2002s)
openmed_base: 5600/7946 (2040s)
openmed_base: 5700/7946 (2075s)
openmed_base: 5800/7946 (2112s)
openmed_base: 5900/7946 (2150s)
openmed_base: 6000/7946 (2187s)
openmed_base: 6100/7946 (2222s)
openmed_base: 6200/7946 (2259s)
openmed_base: 6300/7946 (2299s)
openmed_base: 6400/7946 (2335s)
openmed_base: 6500/7946 (2372s)
openmed_base: 6600/7946 (2406s)
openmed_base: 6700/7946 (2446s)
openmed_base: 6800/7946 (2483s)
openmed_base: 6900/7946 (2519s)
openmed_base: 7000/7946 (2552s)
openmed_base: 7100/7946 (2587s)
openmed_base: 7200/7946 (2626s)
openmed_base: 7300/7946 (2659s)
openmed_base: 7400/7946 (2693s)
openmed_base: 7500/7946 (2729s)
openmed_base: 7600/7946 (2761s)
openmed_base: 7700/7946 (2796s)
openmed_base: 7800/7946 (2831s)
openmed_base: 7900/7946 (2865s)
openmed_base: 7946/7946 (2880s)
openmed_base: done in 2880s -> out/openmed_base.json
openmed_base: latency mean=362ms median=342ms p95=573ms n=7946
openmed_base: all done
