openmed_trackbc: installed bundle trackbc.bundle.js
openmed_trackbc: loaded 7946 docs for model Wismut/openmed-onnx/small (dtype=int8, batch=10)
openmed_trackbc: model (re)loaded: {"ms":5969.7599999997765,"modelId":"Wismut/openmed-onnx/small"}
openmed_trackbc: 100/7946 (39s)
openmed_trackbc: 200/7946 (76s)
openmed_trackbc: 300/7946 (111s)
openmed_trackbc: 400/7946 (147s)
openmed_trackbc: 500/7946 (181s)
openmed_trackbc: 600/7946 (219s)
openmed_trackbc: 700/7946 (254s)
openmed_trackbc: 800/7946 (291s)
openmed_trackbc: 900/7946 (327s)
openmed_trackbc: 1000/7946 (362s)
openmed_trackbc: 1100/7946 (402s)
openmed_trackbc: 1200/7946 (436s)
openmed_trackbc: 1300/7946 (472s)
openmed_trackbc: 1400/7946 (512s)
openmed_trackbc: 1500/7946 (549s)
openmed_trackbc: 1600/7946 (583s)
openmed_trackbc: 1700/7946 (621s)
openmed_trackbc: 1800/7946 (658s)
openmed_trackbc: 1900/7946 (696s)
openmed_trackbc: 2000/7946 (730s)
openmed_trackbc: 2100/7946 (765s)
openmed_trackbc: 2200/7946 (799s)
openmed_trackbc: 2300/7946 (834s)
openmed_trackbc: 2400/7946 (871s)
openmed_trackbc: 2500/7946 (907s)
openmed_trackbc: 2600/7946 (942s)
openmed_trackbc: 2700/7946 (979s)
openmed_trackbc: 2800/7946 (1016s)
openmed_trackbc: 2900/7946 (1051s)
openmed_trackbc: 3000/7946 (1088s)
openmed_trackbc: 3100/7946 (1127s)
openmed_trackbc: 3200/7946 (1165s)
openmed_trackbc: 3300/7946 (1201s)
openmed_trackbc: 3400/7946 (1237s)
openmed_trackbc: 3500/7946 (1270s)
openmed_trackbc: 3600/7946 (1308s)
openmed_trackbc: 3700/7946 (1346s)
openmed_trackbc: 3800/7946 (1383s)
openmed_trackbc: 3900/7946 (1423s)
openmed_trackbc: 4000/7946 (1461s)
openmed_trackbc: 4100/7946 (1497s)
openmed_trackbc: 4200/7946 (1533s)
openmed_trackbc: 4300/7946 (1566s)
openmed_trackbc: 4400/7946 (1604s)
openmed_trackbc: 4500/7946 (1639s)
openmed_trackbc: 4600/7946 (1674s)
openmed_trackbc: 4700/7946 (1712s)
openmed_trackbc: 4800/7946 (1749s)
openmed_trackbc: 4900/7946 (1786s)
openmed_trackbc: 5000/7946 (1823s)
openmed_trackbc: 5100/7946 (1862s)
openmed_trackbc: 5200/7946 (1898s)
openmed_trackbc: 5300/7946 (1936s)
openmed_trackbc: 5400/7946 (1971s)
openmed_trackbc: 5500/7946 (2009s)
openmed_trackbc: 5600/7946 (2047s)
openmed_trackbc: 5700/7946 (2083s)
openmed_trackbc: 5800/7946 (2121s)
openmed_trackbc: 5900/7946 (2158s)
openmed_trackbc: 6000/7946 (2196s)
openmed_trackbc: 6100/7946 (2233s)
openmed_trackbc: 6200/7946 (2270s)
openmed_trackbc: 6300/7946 (2310s)
openmed_trackbc: 6400/7946 (2344s)
openmed_trackbc: 6500/7946 (2382s)
openmed_trackbc: 6600/7946 (2417s)
openmed_trackbc: 6700/7946 (2457s)
openmed_trackbc: 6800/7946 (2494s)
openmed_trackbc: 6900/7946 (2530s)
openmed_trackbc: 7000/7946 (2563s)
openmed_trackbc: 7100/7946 (2599s)
openmed_trackbc: 7200/7946 (2637s)
openmed_trackbc: 7300/7946 (2671s)
openmed_trackbc: 7400/7946 (2706s)
openmed_trackbc: 7500/7946 (2742s)
openmed_trackbc: 7600/7946 (2774s)
openmed_trackbc: 7700/7946 (2810s)
openmed_trackbc: 7800/7946 (2845s)
openmed_trackbc: 7900/7946 (2880s)
openmed_trackbc: 7946/7946 (2896s)
openmed_trackbc: done in 2896s -> out/openmed_trackbc.json
openmed_trackbc: latency mean=364ms median=344ms p95=576ms n=7946
openmed_trackbc: all done
