stanford_trackbc: installed bundle trackbc.bundle.js
stanford_trackbc: loaded 7946 docs for model onnx-community/stanford-deidentifier-base-ONNX (dtype=q8, batch=10)
stanford_trackbc: model (re)loaded: {"ms":7235.084999997169,"modelId":"onnx-community/stanford-deidentifier-base-ONNX"}
stanford_trackbc: 100/7946 (68s)
stanford_trackbc: 200/7946 (128s)
stanford_trackbc: 300/7946 (182s)
stanford_trackbc: 400/7946 (240s)
stanford_trackbc: 500/7946 (294s)
stanford_trackbc: 600/7946 (355s)
stanford_trackbc: 700/7946 (413s)
stanford_trackbc: 800/7946 (471s)
stanford_trackbc: 900/7946 (529s)
stanford_trackbc: 1000/7946 (585s)
stanford_trackbc: 1100/7946 (648s)
stanford_trackbc: 1200/7946 (703s)
stanford_trackbc: 1300/7946 (761s)
stanford_trackbc: 1400/7946 (825s)
stanford_trackbc: 1500/7946 (883s)
stanford_trackbc: 1600/7946 (938s)
stanford_trackbc: 1700/7946 (999s)
stanford_trackbc: 1800/7946 (1058s)
stanford_trackbc: 1900/7946 (1118s)
stanford_trackbc: 2000/7946 (1174s)
stanford_trackbc: 2100/7946 (1230s)
stanford_trackbc: 2200/7946 (1284s)
stanford_trackbc: 2300/7946 (1341s)
stanford_trackbc: 2400/7946 (1402s)
stanford_trackbc: 2500/7946 (1458s)
stanford_trackbc: 2600/7946 (1516s)
stanford_trackbc: 2700/7946 (1576s)
stanford_trackbc: 2800/7946 (1636s)
stanford_trackbc: 2900/7946 (1693s)
stanford_trackbc: 3000/7946 (1754s)
stanford_trackbc: 3100/7946 (1816s)
stanford_trackbc: 3200/7946 (1875s)
stanford_trackbc: 3300/7946 (1936s)
stanford_trackbc: 3400/7946 (1994s)
stanford_trackbc: 3500/7946 (2049s)
stanford_trackbc: 3600/7946 (2109s)
stanford_trackbc: 3700/7946 (2170s)
stanford_trackbc: 3800/7946 (2228s)
stanford_trackbc: 3900/7946 (2287s)
stanford_trackbc: 4000/7946 (2347s)
stanford_trackbc: 4100/7946 (2406s)
stanford_trackbc: 4200/7946 (2464s)
stanford_trackbc: 4300/7946 (2519s)
stanford_trackbc: 4400/7946 (2579s)
stanford_trackbc: 4500/7946 (2636s)
stanford_trackbc: 4600/7946 (2694s)
stanford_trackbc: 4700/7946 (2754s)
stanford_trackbc: 4800/7946 (2814s)
stanford_trackbc: 4900/7946 (2874s)
stanford_trackbc: 5000/7946 (2935s)
stanford_trackbc: 5100/7946 (2998s)
stanford_trackbc: 5200/7946 (3056s)
stanford_trackbc: 5300/7946 (3117s)
stanford_trackbc: 5400/7946 (3172s)
stanford_trackbc: 5500/7946 (3232s)
stanford_trackbc: 5600/7946 (3291s)
stanford_trackbc: 5700/7946 (3350s)
stanford_trackbc: 5800/7946 (3409s)
stanford_trackbc: 5900/7946 (3469s)
stanford_trackbc: 6000/7946 (3528s)
stanford_trackbc: 6100/7946 (3586s)
stanford_trackbc: 6200/7946 (3645s)
stanford_trackbc: 6300/7946 (3708s)
stanford_trackbc: 6400/7946 (3763s)
stanford_trackbc: 6500/7946 (3823s)
stanford_trackbc: 6600/7946 (3879s)
stanford_trackbc: 6700/7946 (3944s)
stanford_trackbc: 6800/7946 (4005s)
stanford_trackbc: 6900/7946 (4063s)
stanford_trackbc: 7000/7946 (4118s)
stanford_trackbc: 7100/7946 (4175s)
stanford_trackbc: 7200/7946 (4238s)
stanford_trackbc: 7300/7946 (4293s)
stanford_trackbc: 7400/7946 (4349s)
stanford_trackbc: 7500/7946 (4406s)
stanford_trackbc: 7600/7946 (4457s)
stanford_trackbc: 7700/7946 (4514s)
stanford_trackbc: 7800/7946 (4570s)
stanford_trackbc: 7900/7946 (4626s)
stanford_trackbc: 7946/7946 (4651s)
stanford_trackbc: done in 4651s -> out/stanford_trackbc.json
stanford_trackbc: latency mean=585ms median=555ms p95=912ms n=7946
stanford_trackbc: all done
