stanford_trackb: installed bundle trackb.bundle.js
stanford_trackb: loaded 7946 docs for model onnx-community/stanford-deidentifier-base-ONNX (dtype=q8, batch=10)
stanford_trackb: model (re)loaded: {"ms":4755.960000000894,"modelId":"onnx-community/stanford-deidentifier-base-ONNX"}
stanford_trackb: 100/7946 (61s)
stanford_trackb: 200/7946 (119s)
stanford_trackb: 300/7946 (173s)
stanford_trackb: 400/7946 (231s)
stanford_trackb: 500/7946 (284s)
stanford_trackb: 600/7946 (345s)
stanford_trackb: 700/7946 (403s)
stanford_trackb: 800/7946 (462s)
stanford_trackb: 900/7946 (519s)
stanford_trackb: 1000/7946 (576s)
stanford_trackb: 1100/7946 (637s)
stanford_trackb: 1200/7946 (693s)
stanford_trackb: 1300/7946 (751s)
stanford_trackb: 1400/7946 (814s)
stanford_trackb: 1500/7946 (872s)
stanford_trackb: 1600/7946 (927s)
stanford_trackb: 1700/7946 (988s)
stanford_trackb: 1800/7946 (1046s)
stanford_trackb: 1900/7946 (1106s)
stanford_trackb: 2000/7946 (1161s)
stanford_trackb: 2100/7946 (1218s)
stanford_trackb: 2200/7946 (1272s)
stanford_trackb: 2300/7946 (1330s)
stanford_trackb: 2400/7946 (1392s)
stanford_trackb: 2500/7946 (1449s)
stanford_trackb: 2600/7946 (1508s)
stanford_trackb: 2700/7946 (1568s)
stanford_trackb: 2800/7946 (1628s)
stanford_trackb: 2900/7946 (1684s)
stanford_trackb: 3000/7946 (1746s)
stanford_trackb: 3100/7946 (1811s)
stanford_trackb: 3200/7946 (1871s)
stanford_trackb: 3300/7946 (1934s)
stanford_trackb: 3400/7946 (1993s)
stanford_trackb: 3500/7946 (2048s)
stanford_trackb: 3600/7946 (2112s)
stanford_trackb: 3700/7946 (2174s)
stanford_trackb: 3800/7946 (2236s)
stanford_trackb: 3900/7946 (2317s)
stanford_trackb: 4000/7946 (2405s)
stanford_trackb: 4100/7946 (2490s)
stanford_trackb: 4200/7946 (2573s)
stanford_trackb: 4300/7946 (2657s)
stanford_trackb: 4400/7946 (2743s)
stanford_trackb: 4500/7946 (2827s)
stanford_trackb: 4600/7946 (2889s)
stanford_trackb: 4700/7946 (2953s)
stanford_trackb: 4800/7946 (3022s)
stanford_trackb: 4900/7946 (3102s)
stanford_trackb: 5000/7946 (3193s)
stanford_trackb: 5100/7946 (3283s)
stanford_trackb: 5200/7946 (3370s)
stanford_trackb: 5300/7946 (3455s)
stanford_trackb: 5400/7946 (3534s)
stanford_trackb: 5500/7946 (3619s)
stanford_trackb: 5600/7946 (3681s)
stanford_trackb: 5700/7946 (3758s)
stanford_trackb: 5800/7946 (3850s)
stanford_trackb: 5900/7946 (3942s)
stanford_trackb: 6000/7946 (4028s)
stanford_trackb: 6100/7946 (4112s)
stanford_trackb: 6200/7946 (4197s)
stanford_trackb: 6300/7946 (4291s)
stanford_trackb: 6400/7946 (4367s)
stanford_trackb: 6500/7946 (4439s)
stanford_trackb: 6600/7946 (4521s)
stanford_trackb: 6700/7946 (4615s)
stanford_trackb: 6800/7946 (4700s)
stanford_trackb: 6900/7946 (4769s)
stanford_trackb: 7000/7946 (4828s)
stanford_trackb: 7100/7946 (4914s)
stanford_trackb: 7200/7946 (5003s)
stanford_trackb: 7300/7946 (5080s)
stanford_trackb: 7400/7946 (5161s)
stanford_trackb: 7500/7946 (5241s)
stanford_trackb: 7600/7946 (5315s)
stanford_trackb: 7700/7946 (5400s)
stanford_trackb: 7800/7946 (5480s)
stanford_trackb: 7900/7946 (5561s)
stanford_trackb: 7946/7946 (5596s)
stanford_trackb: done in 5596s -> out/stanford_trackb.json
stanford_trackb: latency mean=703ms median=652ms p95=1207ms n=7946
stanford_trackb: all done
