stanford_base: installed bundle base.bundle.js
stanford_base: loaded 7946 docs for model onnx-community/stanford-deidentifier-base-ONNX (dtype=q8, batch=10)
stanford_base: model (re)loaded: {"ms":4317.8499999996275,"modelId":"onnx-community/stanford-deidentifier-base-ONNX"}
stanford_base: 100/7946 (60s)
stanford_base: 200/7946 (119s)
stanford_base: 300/7946 (173s)
stanford_base: 400/7946 (231s)
stanford_base: 500/7946 (286s)
stanford_base: 600/7946 (345s)
stanford_base: 700/7946 (403s)
stanford_base: 800/7946 (461s)
stanford_base: 900/7946 (519s)
stanford_base: 1000/7946 (575s)
stanford_base: 1100/7946 (636s)
stanford_base: 1200/7946 (692s)
stanford_base: 1300/7946 (750s)
stanford_base: 1400/7946 (814s)
stanford_base: 1500/7946 (871s)
stanford_base: 1600/7946 (926s)
stanford_base: 1700/7946 (986s)
stanford_base: 1800/7946 (1045s)
stanford_base: 1900/7946 (1104s)
stanford_base: 2000/7946 (1159s)
stanford_base: 2100/7946 (1215s)
stanford_base: 2200/7946 (1269s)
stanford_base: 2300/7946 (1326s)
stanford_base: 2400/7946 (1386s)
stanford_base: 2500/7946 (1442s)
stanford_base: 2600/7946 (1500s)
stanford_base: 2700/7946 (1559s)
stanford_base: 2800/7946 (1619s)
stanford_base: 2900/7946 (1674s)
stanford_base: 3000/7946 (1735s)
stanford_base: 3100/7946 (1796s)
stanford_base: 3200/7946 (1854s)
stanford_base: 3300/7946 (1912s)
stanford_base: 3400/7946 (1970s)
stanford_base: 3500/7946 (2023s)
stanford_base: 3600/7946 (2083s)
stanford_base: 3700/7946 (2143s)
stanford_base: 3800/7946 (2201s)
stanford_base: 3900/7946 (2260s)
stanford_base: 4000/7946 (2320s)
stanford_base: 4100/7946 (2378s)
stanford_base: 4200/7946 (2435s)
stanford_base: 4300/7946 (2490s)
stanford_base: 4400/7946 (2549s)
stanford_base: 4500/7946 (2606s)
stanford_base: 4600/7946 (2664s)
stanford_base: 4700/7946 (2725s)
stanford_base: 4800/7946 (2784s)
stanford_base: 4900/7946 (2844s)
stanford_base: 5000/7946 (2904s)
stanford_base: 5100/7946 (2968s)
stanford_base: 5200/7946 (3026s)
stanford_base: 5300/7946 (3086s)
stanford_base: 5400/7946 (3141s)
stanford_base: 5500/7946 (3200s)
stanford_base: 5600/7946 (3260s)
stanford_base: 5700/7946 (3319s)
stanford_base: 5800/7946 (3377s)
stanford_base: 5900/7946 (3436s)
stanford_base: 6000/7946 (3494s)
stanford_base: 6100/7946 (3552s)
stanford_base: 6200/7946 (3611s)
stanford_base: 6300/7946 (3674s)
stanford_base: 6400/7946 (3728s)
stanford_base: 6500/7946 (3788s)
stanford_base: 6600/7946 (3844s)
stanford_base: 6700/7946 (3910s)
stanford_base: 6800/7946 (3971s)
stanford_base: 6900/7946 (4029s)
stanford_base: 7000/7946 (4083s)
stanford_base: 7100/7946 (4140s)
stanford_base: 7200/7946 (4201s)
stanford_base: 7300/7946 (4255s)
stanford_base: 7400/7946 (4310s)
stanford_base: 7500/7946 (4365s)
stanford_base: 7600/7946 (4417s)
stanford_base: 7700/7946 (4474s)
stanford_base: 7800/7946 (4530s)
stanford_base: 7900/7946 (4586s)
stanford_base: 7946/7946 (4611s)
stanford_base: done in 4611s -> out/stanford_base.json
stanford_base: latency mean=580ms median=552ms p95=900ms n=7946
stanford_base: all done
